{
  "command": "demo",
  "dataset_kind": "synthetic_clustered",
  "seed": 7,
  "size": 4096,
  "dimension": 32,
  "clusters": 16,
  "queries": 16,
  "k": 10,
  "exact_match": true,
  "score_tolerance": 1e-12,
  "max_absolute_score_error": 0.0,
  "evaluated_fraction": 0.124298095703125,
  "evaluated_vectors": [
    478,
    707,
    263,
    295,
    248,
    725,
    266,
    725,
    756,
    746,
    725,
    263,
    725,
    730,
    265,
    229
  ],
  "visited_blocks": [
    1,
    2,
    1,
    1,
    1,
    2,
    1,
    2,
    2,
    2,
    2,
    1,
    2,
    2,
    1,
    1
  ],
  "bound_evaluations": [
    16,
    16,
    16,
    16,
    16,
    16,
    16,
    16,
    16,
    16,
    16,
    16,
    16,
    16,
    16,
    16
  ],
  "ids": [
    [
      1961,
      3631,
      3360,
      2074,
      505,
      1788,
      371,
      971,
      2857,
      370
    ],
    [
      2283,
      3562,
      3260,
      1643,
      1451,
      3650,
      2688,
      1425,
      500,
      1238
    ],
    [
      926,
      3790,
      2196,
      2641,
      3445,
      2978,
      2481,
      3534,
      1671,
      75
    ],
    [
      2593,
      1281,
      631,
      613,
      2235,
      3917,
      3237,
      2727,
      1693,
      3350
    ],
    [
      2320,
      2469,
      401,
      2765,
      441,
      2022,
      3844,
      1243,
      728,
      1594
    ],
    [
      4027,
      2368,
      3453,
      893,
      2747,
      3526,
      2038,
      3653,
      1853,
      1098
    ],
    [
      2370,
      2632,
      1072,
      3484,
      2594,
      1252,
      824,
      3757,
      2016,
      2840
    ],
    [
      3499,
      634,
      1098,
      126,
      1739,
      1624,
      2828,
      1577,
      2038,
      107
    ],
    [
      2872,
      2117,
      1886,
      2487,
      2322,
      1357,
      287,
      3678,
      1242,
      1471
    ],
    [
      2554,
      605,
      2859,
      305,
      3247,
      1332,
      2886,
      3033,
      134,
      646
    ],
    [
      3715,
      2934,
      4035,
      3065,
      4027,
      717,
      3024,
      3840,
      2227,
      3491
    ],
    [
      75,
      3790,
      618,
      544,
      3531,
      2467,
      310,
      1264,
      2375,
      1922
    ],
    [
      2112,
      1091,
      2997,
      1447,
      1870,
      126,
      1502,
      1098,
      2319,
      1642
    ],
    [
      1829,
      29,
      1690,
      1430,
      3259,
      929,
      3193,
      2704,
      2575,
      3366
    ],
    [
      2304,
      1972,
      2229,
      2682,
      3449,
      2878,
      2412,
      327,
      3979,
      2497
    ],
    [
      4043,
      3344,
      3945,
      1377,
      1238,
      668,
      3468,
      411,
      337,
      3889
    ]
  ],
  "scores": [
    [
      0.9243840045084143,
      0.9083392945228402,
      0.895123063002448,
      0.8946738490068485,
      0.8940395543771171,
      0.8935931084247606,
      0.8929796843538303,
      0.8928119785215073,
      0.890771436658127,
      0.8892378540341301
    ],
    [
      0.8918378343816872,
      0.8814282812705885,
      0.8789547030502387,
      0.8689030666527178,
      0.8648367877120275,
      0.8643159572556869,
      0.8639729839440877,
      0.8617404176866622,
      0.8599439523284904,
      0.8582100399846008
    ],
    [
      0.9066188802961015,
      0.9064047586367154,
      0.9018550611834217,
      0.894791213045947,
      0.894664716773798,
      0.8922105265835414,
      0.8885642356534751,
      0.8873631971727461,
      0.8855756317708778,
      0.8851293918649419
    ],
    [
      0.9185742409487124,
      0.9126778235592308,
      0.9118308982398693,
      0.8977659525398735,
      0.8947286864602986,
      0.8945563579568734,
      0.8945128944783081,
      0.8936017449056677,
      0.8933869727659726,
      0.8896801068688893
    ],
    [
      0.9220766009854116,
      0.9170461650174351,
      0.9096705276685596,
      0.9089400195652577,
      0.9075320012114406,
      0.9011143941227189,
      0.9010039625612636,
      0.9006968380567275,
      0.90059729838014,
      0.9000944375564983
    ],
    [
      0.9341381372883202,
      0.9338723993406904,
      0.9196015727657283,
      0.9188214369053047,
      0.9002786872529338,
      0.899822912600088,
      0.897235226218748,
      0.8962400238451875,
      0.89601261750433,
      0.8949100435467772
    ],
    [
      0.9083222341435647,
      0.9069915918155673,
      0.9008390707604943,
      0.8949673994298316,
      0.8931619381579435,
      0.8905495201810754,
      0.8893227123307438,
      0.8891888062087857,
      0.8853695047610501,
      0.8852578371122457
    ],
    [
      0.9287299076459309,
      0.926985569664512,
      0.9261595711602291,
      0.9190295239781879,
      0.905242754444503,
      0.9047656848195875,
      0.9045128766138808,
      0.90407077666699,
      0.9034571562856393,
      0.9000047994099264
    ],
    [
      0.8938171419652072,
      0.8846301464920718,
      0.8790445909165139,
      0.8725536742398274,
      0.8687563125288146,
      0.8671961843664104,
      0.8657029003352961,
      0.8651286394187718,
      0.8648442314881478,
      0.8641432485132935
    ],
    [
      0.9354833578338451,
      0.9233610610453318,
      0.9195217866075296,
      0.9193862693157092,
      0.9184908322959815,
      0.9182483011969137,
      0.9148311836619204,
      0.9141424951532751,
      0.9140839968747461,
      0.9124049709934494
    ],
    [
      0.9212920815657615,
      0.9159943785176778,
      0.9140651904242614,
      0.9038214407971012,
      0.900353562271304,
      0.8992892678554405,
      0.898478758831692,
      0.8934160351589631,
      0.8908178609942096,
      0.8903010570626532
    ],
    [
      0.9229262705206444,
      0.9180246857777574,
      0.9176659172914516,
      0.9167007873032802,
      0.916049885819087,
      0.9134244150463366,
      0.9113423495829832,
      0.9106969973464676,
      0.9106526581097509,
      0.9103182714585137
    ],
    [
      0.9160449578908892,
      0.9158024508836751,
      0.9069917022991745,
      0.9064388050903043,
      0.901772912248662,
      0.9006884526846102,
      0.8981342884995209,
      0.8981269229089266,
      0.8913939884329829,
      0.889362946439356
    ],
    [
      0.9034906427870384,
      0.9030969361487289,
      0.8903176382669502,
      0.8883685650307642,
      0.8871541286513005,
      0.8860428947725106,
      0.8851745206131546,
      0.8839334587908465,
      0.8834106797132901,
      0.8807290619997639
    ],
    [
      0.8919950501882621,
      0.8869597022072409,
      0.8793634999918012,
      0.8717940285144893,
      0.8654796757141752,
      0.860264974825893,
      0.8594747050831474,
      0.8589728628852487,
      0.8566477805591541,
      0.8488982570828826
    ],
    [
      0.8912117209881883,
      0.8889627683595251,
      0.8764155599123996,
      0.8703848483684224,
      0.8692064579508563,
      0.8690925920928027,
      0.8687647044542299,
      0.8675206262554785,
      0.8673176550119335,
      0.863900957670654
    ]
  ]
}
